Generated castleautogenerated.pas
Generated phanes_standalone.dpr
Generated phanes_standalone.lpi
Generated phanes_standalone.dproj
Compiling project "phanes" for target "web" in mode "release".
Castle Game Engine Internal: ProcessID: 14228
Info: 53694 lines in 23 files compiled, 0.5 secs
FPC executing...
Compiling Release Version
Free Pascal Compiler version 3.3.1 [2026/09/07] for wasm32
Copyright (c) 1993-2026 by Florian Klaempfl and others
Target OS: The WebAssembly System Interface Preview 1 (WASI 0.1)
Compiling D:\Docs\GitHub\Phanes\cge\castle-engine-output\web\library_template.lpr
Compiling castleautogenerated.pas
Compiling .\castle-engine-output\web\castleautogenetatedallfonts.pas
Compiling .\code\phanes.app.initialize.pas
Compiling .\code\phanes.app.view.pas
Compiling D:\Docs\GitHub\Phanes\src\phanes.world.landscape.pas
Compiling D:\Docs\GitHub\Phanes\src\phanes.world.types.pas
Compiling D:\Docs\GitHub\Phanes\src\phanes.selection.grid.pas
Compiling D:\Docs\GitHub\Phanes\src\phanes.composition.types.pas
Compiling D:\Docs\GitHub\Phanes\src\phanes.terrain.types.pas
Compiling D:\Docs\GitHub\Phanes\src\phanes.world.height.pas
Compiling D:\Docs\GitHub\Phanes\src\phanes.terrain.surface.pas
Compiling D:\Docs\GitHub\Phanes\src\phanes.terrain.validate.pas
Compiling D:\Docs\GitHub\Phanes\src\phanes.world.elevation.pas
Compiling D:\Docs\GitHub\Phanes\src\phanes.buildings.landscape.pas
Compiling D:\Docs\GitHub\Phanes\src\phanes.buildings.types.pas
Compiling D:\Docs\GitHub\Phanes\src\phanes.composition.document.pas
Compiling D:\Docs\GitHub\Phanes\src\phanes.buildings.validate.pas
Compiling D:\Docs\GitHub\Phanes\src\phanes.buildings.access.pas
Compiling D:\Docs\GitHub\Phanes\src\phanes.buildings.furniture.pas
Compiling D:\Docs\GitHub\Phanes\src\phanes.composition.contents.types.pas
Compiling D:\Docs\GitHub\Phanes\src\phanes.composition.contents.validate.pas
Compiling D:\Docs\GitHub\Phanes\src\phanes.composition.contents.assembly.pas
Compiling D:\Docs\GitHub\Phanes\src\phanes.interiors.catalog.pas
Compiling D:\Docs\GitHub\Phanes\src\phanes.catalog.admission.pas
Compiling D:\Docs\GitHub\Phanes\src\phanes.catalog.regional.pas
Compiling D:\Docs\GitHub\Phanes\src\phanes.interiors.surfaces.pas
Compiling D:\Docs\GitHub\Phanes\src\phanes.spaces.programs.pas
Compiling D:\Docs\GitHub\Phanes\src\phanes.spaces.floor.types.pas
Compiling D:\Docs\GitHub\Phanes\src\phanes.spaces.floor.validate.pas
Compiling D:\Docs\GitHub\Phanes\src\phanes.buildings.geometry.pas
Compiling D:\Docs\GitHub\Phanes\src\phanes.groundworks.assembly.pas
Compiling D:\Docs\GitHub\Phanes\src\phanes.groundworks.geometry.pas
Compiling D:\Docs\GitHub\Phanes\src\phanes.structures.support.pas
Compiling D:\Docs\GitHub\Phanes\src\phanes.interiors.validate.pas
Compiling D:\Docs\GitHub\Phanes\src\phanes.interiors.profiles.pas
Compiling D:\Docs\GitHub\Phanes\src\phanes.spaces.plans.pas
Compiling D:\Docs\GitHub\Phanes\src\phanes.spaces.rooms.pas
Compiling D:\Docs\GitHub\Phanes\src\phanes.composition.contents.generate.pas
Compiling D:\Docs\GitHub\Phanes\src\phanes.spaces.floor.generate.pas
Compiling D:\Docs\GitHub\Phanes\src\phanes.world.placement.pas
Compiling .\code\phanes.interiors.scene.pas
Compiling D:\Docs\GitHub\Phanes\src\phanes.spaces.geometry.pas
Compiling .\code\phanes.scene.picking.pas
Compiling .\code\phanes.interiors.materials.pas
Compiling .\code\phanes.interiors.food.scene.pas
D:\Docs\GitHub\Phanes\cge\.\code\phanes.interiors.scene.pas(804,3) Note: Local variable "LSize" is assigned but never used
Compiling .\code\phanes.buildings.scene.pas
Compiling D:\Docs\GitHub\Phanes\src\phanes.world.appearance.pas
Compiling .\code\phanes.styles.render.pas
Compiling D:\Docs\GitHub\Phanes\src\phanes.styles.catalog.pas
Compiling .\code\phanes.catalog.residency.pas
Compiling .\code\phanes.catalog.files.pas
Compiling .\code\phanes.catalog.scene.pas
Compiling .\code\phanes.world.surfaces.pas
Compiling .\code\phanes.styles.selection.pas
Compiling .\code\phanes.selection.scene.pas
Compiling D:\Docs\GitHub\Phanes\src\phanes.composition.wire.pas
Compiling D:\Docs\GitHub\Phanes\src\phanes.terrain.wire.pas
Compiling .\code\phanes.world.terrain.pas
Compiling .\code\phanes.structures.scene.pas
Compiling D:\Docs\GitHub\Phanes\src\phanes.structures.dimensions.pas
Compiling .\code\phanes.groundworks.scene.pas
Compiling .\code\phanes.world.batching.pas
Compiling .\code\phanes.world.shadowcache.pas
Linking D:\Docs\GitHub\Phanes\cge\castle-engine-output\web\library_template
21988 lines compiled, 23.8 sec, 40584722 bytes code, 7772700 bytes data
1 note(s) issued
Moving 
  D:\Docs\GitHub\Phanes\cge\castle-engine-output\web\library_template to 
  D:\Docs\GitHub\Phanes\cge\castle-engine-output\web\dist\phanes.wasm
Generated CastleDataInformation.xml.
Project data contains 14 directories, 919 files, total (uncompressed) size 16.12 MB.
Archived data to phanes_data.zip, compressed size 5.77 MB.
Free Pascal Compiler version 3.3.1-20634-gd7f522a561 [2026/08/04] for i386
Copyright (c) 1993-2026 by Florian Klaempfl and others
Target OS: Win32 for i386
Compiling D:\Docs\GitHub\Phanes\tools\phanes.tools.webparts.lpr
Linking D:\Docs\GitHub\Phanes\build\host-units\phanes.tools.webparts.exe
123 lines compiled, 0.2 sec, 360480 bytes code, 17508 bytes data
Published bounded startup parts for data and engine.
Info: 21651 lines in 9 files compiled, 0.2 secs
Info: 42007 lines in 22 files compiled, 0.4 secs
Bound compiled host to its ordered startup manifest.
Pascal engine host and startup UI built.
Info: 68205 lines in 76 files compiled, 0.9 secs
Info: 56320 lines in 31 files compiled, 0.7 secs
Info: 58567 lines in 22 files compiled, 0.6 secs
Info: 71523 lines in 62 files compiled, 0.8 secs
Web build: D:\Docs\GitHub\Phanes\build\web
